32
8
9
11
10
10
878082066
1736516421
1
1073741824
