Tab character assigned
Line feed character assigned
Carriage return character assigned
All character codes assigned successfully
