[2J[H[0;30m0
[0;34m1
[0;32m2
[0;36m3
[0;31m4
[0;35m5
[0;33m6
[0;37m7
[0;90m8
[0;94m9
[0;92m10
[0;96m11
[0;91m12
[0;95m13
[0;93m14
[0;97m15
