Assigned value: 15
Arithmetic expression: 130
Direct parameter: 42
