flag-has-4
union-has-4
intersection-has-4
constructor-has-2
