difference-ok
symdiff-ok
difference-assign-ok
Done
