Initial string is: Pascal
Read character at index 1: P
Read character at index 4 after modify: K
Final string is: PasKal
