Value: 3.1415 Code: 0
Integer: 42 Code: 0
Invalid: -5 Code: 2
